{"tool":"phpunit","result":"failed","tests":42,"passed":33,"assertions":96,"duration_ms":26016,"failed":8,"failures":[{"test":"Tests\\Feature\\Auth\\AuthenticationTest::test_login_screen_can_be_rendered","file":"C:\\Users\\Lenovo\\Herd\\SMARTCANTEEN\\tests\\Feature\\Auth\\AuthenticationTest.php","line":16,"message":"Expected response status code [200] but received 500.\nFailed asserting that 500 is identical to 200.\r\n\r\nThe following exception occurred during the last request:\n\nLivewire\\Features\\SupportPageComponents\\MissingLayoutException: Livewire page component layout view not found: [components.layouts.app] in C:\\Users\\Lenovo\\Herd\\SMARTCANTEEN\\vendor\\livewire\\livewire\\src\\Features\\SupportPageComponents\\SupportPageComponents.php:192\nStack trace:\n#0 C:\\Users\\Lenovo\\Herd\\SMARTCANTEEN\\vendor\\livewire\\livewire\\src\\Features\\SupportPageComponents\\HandlesPageComponents.php(24): Livewire\\Features\\SupportPageComponents\\SupportPageComponents::renderContentsIntoLayout('<div wire:snaps..', Object(Livewire\\Features\\SupportPageComponents\\PageComponentConfig))\n#1 C:\\Users\\Lenovo\\Herd\\SMARTCANTEEN\\vendor\\laravel\\framework\\src\\Illuminate\\Routing\\ControllerDispatcher.php(46): Livewire\\Component->__invoke()\n#2 C:\\Users\\Lenovo\\Herd\\SMARTCANTEEN\\vendor\\laravel\\framework\\src\\Illuminate\\Routing\\Route.php(275): Illuminate\\Routing\\ControllerDispatcher->dispatch(Object(Illuminate\\Routing\\Route), Object(App\\Livewire\\Auth\\LoginForm), '__invoke')\n#3 C:\\Users\\Lenovo\\Herd\\SMARTCANTEEN\\vendor\\laravel\\framework\\src\\Illuminate\\Routing\\Route.php(215): Illuminate\\Routing\\Route->runController()\n#4 C:\\Users\\Lenovo\\Herd\\SMARTCANTEEN\\vendor\\laravel\\framework\\src\\Illuminate\\Routing\\Router.php(822): Illuminate\\Routing\\Route->run()\n#5 C:\\Users\\Lenovo\\Herd\\SMARTCANTEEN\\vendor\\laravel\\framework\\src\\Illuminate\\Pipeline\\Pipeline.php(180): Illuminate\\Routing\\Router->{closure:Illuminate\\Routing\\Router::runRouteWithinStack():821}(Object(Illuminate\\Http\\Request))\n#6 C:\\Users\\Lenovo\\Herd\\SMARTCANTEEN\\vendor\\laravel\\framework\\src\\Illuminate\\Auth\\Middleware\\RedirectIfAuthenticated.php(47): Illuminate\\Pipeline\\Pipeline->{closure:Illuminate\\Pipeline\\Pipeline::prepareDestination():178}(Object(Illuminate\\Http\\Request))\n#7 C:\\Users\\Lenovo\\Herd\\SMARTCANTEEN\\vendor\\laravel\\framework\\src\\Illuminate\\Pipeline\\Pipeline.php(219): Illuminate\\Auth\\Middleware\\RedirectIfAuthenticated->handle(Object(Illuminate\\Http\\Request), Object(Closure))\n#8 C:\\Users\\Lenovo\\Herd\\SMARTCANTEEN\\vendor\\laravel\\framework\\src\\Illuminate\\Routing\\Middleware\\SubstituteBindings.php(52): Illuminate\\Pipeline\\Pipeline->{closure:{closure:Illuminate\\Pipeline\\Pipeline::carry():194}:195}(Object(Illuminate\\Http\\Request))\n#9 C:\\Users\\Lenovo\\Herd\\SMARTCANTEEN\\vendor\\laravel\\framework\\src\\Illuminate\\Pipeline\\Pipeline.php(219): Illuminate\\Routing\\Middleware\\SubstituteBindings->handle(Object(Illuminate\\Http\\Request), Object(Closure))\n#10 C:\\Users\\Lenovo\\Herd\\SMARTCANTEEN\\vendor\\laravel\\framework\\src\\Illuminate\\Foundation\\Http\\Middleware\\PreventRequestForgery.php(104): Illuminate\\Pipeline\\Pipeline->{closure:{closure:Illuminate\\Pipeline\\Pipeline::carry():194}:195}(Object(Illuminate\\Http\\Request))\n#11 C:\\Users\\Lenovo\\Herd\\SMARTCANTEEN\\vendor\\laravel\\framework\\src\\Illuminate\\Pipeline\\Pipeline.php(219): Illuminate\\Foundation\\Http\\Middleware\\PreventRequestForgery->handle(Object(Illuminate\\Http\\Request), Object(Closure))\n#12 C:\\Users\\Lenovo\\Herd\\SMARTCANTEEN\\vendor\\laravel\\framework\\src\\Illuminate\\View\\Middleware\\ShareErrorsFromSession.php(48): Illuminate\\Pipeline\\Pipeline->{closure:{closure:Illuminate\\Pipeline\\Pipeline::carry():194}:195}(Object(Illuminate\\Http\\Request))\n#13 C:\\Users\\Lenovo\\Herd\\SMARTCANTEEN\\vendor\\laravel\\framework\\src\\Illuminate\\Pipeline\\Pipeline.php(219): Illuminate\\View\\Middleware\\ShareErrorsFromSession->handle(Object(Illuminate\\Http\\Request), Object(Closure))\n#14 C:\\Users\\Lenovo\\Herd\\SMARTCANTEEN\\vendor\\laravel\\framework\\src\\Illuminate\\Session\\Middleware\\StartSession.php(120): Illuminate\\Pipeline\\Pipeline->{closure:{closure:Illuminate\\Pipeline\\Pipeline::carry():194}:195}(Object(Illuminate\\Http\\Request))\n#15 C:\\Users\\Lenovo\\Herd\\SMARTCANTEEN\\vendor\\laravel\\framework\\src\\Illuminate\\Session\\Middleware\\StartSession.php(63): Illuminate\\Session\\Middleware\\StartSession->handleStatefulRequest(Object(Illuminate\\Http\\Request), Object(Illuminate\\Session\\Store), Object(Closure))\n#16 C:\\Users\\Lenovo\\Herd\\SMARTCANTEEN\\vendor\\laravel\\framework\\src\\Illuminate\\Pipeline\\Pipeline.php(219): Illuminate\\Session\\Middleware\\StartSession->handle(Object(Illuminate\\Http\\Request), Object(Closure))\n#17 C:\\Users\\Lenovo\\Herd\\SMARTCANTEEN\\vendor\\laravel\\framework\\src\\Illuminate\\Cookie\\Middleware\\AddQueuedCookiesToResponse.php(36): Illuminate\\Pipeline\\Pipeline->{closure:{closure:Illuminate\\Pipeline\\Pipeline::carry():194}:195}(Object(Illuminate\\Http\\Request))\n#18 C:\\Users\\Lenovo\\Herd\\SMARTCANTEEN\\vendor\\laravel\\framework\\src\\Illuminate\\Pipeline\\Pipeline.php(219): Illuminate\\Cookie\\Middleware\\AddQueuedCookiesToResponse->handle(Object(Illuminate\\Http\\Request), Object(Closure))\n#19 C:\\Users\\Lenovo\\Herd\\SMARTCANTEEN\\vendor\\laravel\\framework\\src\\Illuminate\\Cookie\\Middleware\\EncryptCookies.php(74): Illuminate\\Pipeline\\Pipeline->{closure:{closure:Illuminate\\Pipeline\\Pipeline::carry():194}:195}(Object(Illuminate\\Http\\Request))\n#20 C:\\Users\\Lenovo\\Herd\\SMARTCANTEEN\\vendor\\laravel\\framework\\src\\Illuminate\\Pipeline\\Pipeline.php(219): Illuminate\\Cookie\\Middleware\\EncryptCookies->handle(Object(Illuminate\\Http\\Request), Object(Closure))\n#21 C:\\Users\\Lenovo\\Herd\\SMARTCANTEEN\\vendor\\laravel\\framework\\src\\Illuminate\\Pipeline\\Pipeline.php(137): Illuminate\\Pipeline\\Pipeline->{closure:{closure:Illuminate\\Pipeline\\Pipeline::carry():194}:195}(Object(Illuminate\\Http\\Request))\n#22 C:\\Users\\Lenovo\\Herd\\SMARTCANTEEN\\vendor\\laravel\\framework\\src\\Illuminate\\Routing\\Router.php(821): Illuminate\\Pipeline\\Pipeline->then(Object(Closure))\n#23 C:\\Users\\Lenovo\\Herd\\SMARTCANTEEN\\vendor\\laravel\\framework\\src\\Illuminate\\Routing\\Router.php(800): Illuminate\\Routing\\Router->runRouteWithinStack(Object(Illuminate\\Routing\\Route), Object(Illuminate\\Http\\Request))\n#24 C:\\Users\\Lenovo\\Herd\\SMARTCANTEEN\\vendor\\laravel\\framework\\src\\Illuminate\\Routing\\Router.php(764): Illuminate\\Routing\\Router->runRoute(Object(Illuminate\\Http\\Request), Object(Illuminate\\Routing\\Route))\n#25 C:\\Users\\Lenovo\\Herd\\SMARTCANTEEN\\vendor\\laravel\\framework\\src\\Illuminate\\Routing\\Router.php(753): Illuminate\\Routing\\Router->dispatchToRoute(Object(Illuminate\\Http\\Request))\n#26 C:\\Users\\Lenovo\\Herd\\SMARTCANTEEN\\vendor\\laravel\\framework\\src\\Illuminate\\Foundation\\Http\\Kernel.php(200): Illuminate\\Routing\\Router->dispatch(Object(Illuminate\\Http\\Request))\n#27 C:\\Users\\Lenovo\\Herd\\SMARTCANTEEN\\vendor\\laravel\\framework\\src\\Illuminate\\Pipeline\\Pipeline.php(180): Illuminate\\Foundation\\Http\\Kernel->{closure:Illuminate\\Foundation\\Http\\Kernel::dispatchToRouter():197}(Object(Illuminate\\Http\\Request))\n#28 C:\\Users\\Lenovo\\Herd\\SMARTCANTEEN\\vendor\\livewire\\livewire\\src\\Features\\SupportDisablingBackButtonCache\\DisableBackButtonCacheMiddleware.php(19): Illuminate\\Pipeline\\Pipeline->{closure:Illuminate\\Pipeline\\Pipeline::prepareDestination():178}(Object(Illuminate\\Http\\Request))\n#29 C:\\Users\\Lenovo\\Herd\\SMARTCANTEEN\\vendor\\laravel\\framework\\src\\Illuminate\\Pipeline\\Pipeline.php(219): Livewire\\Features\\SupportDisablingBackButtonCache\\DisableBackButtonCacheMiddleware->handle(Object(Illuminate\\Http\\Request), Object(Closure))\n#30 C:\\Users\\Lenovo\\Herd\\SMARTCANTEEN\\vendor\\laravel\\framework\\src\\Illuminate\\Foundation\\Http\\Middleware\\TransformsRequest.php(21): Illuminate\\Pipeline\\Pipeline->{closure:{closure:Illuminate\\Pipeline\\Pipeline::carry():194}:195}(Object(Illuminate\\Http\\Request))\n#31 C:\\Users\\Lenovo\\Herd\\SMARTCANTEEN\\vendor\\laravel\\framework\\src\\Illuminate\\Foundation\\Http\\Middleware\\ConvertEmptyStringsToNull.php(31): Illuminate\\Foundation\\Http\\Middleware\\TransformsRequest->handle(Object(Illuminate\\Http\\Request), Object(Closure))\n#32 C:\\Users\\Lenovo\\Herd\\SMARTCANTEEN\\vendor\\laravel\\framework\\src\\Illuminate\\Pipeline\\Pipeline.php(219): Illuminate\\Foundation\\Http\\Middleware\\ConvertEmptyStringsToNull->handle(Object(Illuminate\\Http\\Request), Object(Closure))\n#33 C:\\Users\\Lenovo\\Herd\\SMARTCANTEEN\\vendor\\laravel\\framework\\src\\Illuminate\\Foundation\\Http\\Middleware\\TransformsRequest.php(21): Illuminate\\Pipeline\\Pipeline->{closure:{closure:Illuminate\\Pipeline\\Pipeline::carry():194}:195}(Object(Illuminate\\Http\\Request))\n#34 C:\\Users\\Lenovo\\Herd\\SMARTCANTEEN\\vendor\\laravel\\framework\\src\\Illuminate\\Foundation\\Http\\Middleware\\TrimStrings.php(51): Illuminate\\Foundation\\Http\\Middleware\\TransformsRequest->handle(Object(Illuminate\\Http\\Request), Object(Closure))\n#35 C:\\Users\\Lenovo\\Herd\\SMARTCANTEEN\\vendor\\laravel\\framework\\src\\Illuminate\\Pipeline\\Pipeline.php(219): Illuminate\\Foundation\\Http\\Middleware\\TrimStrings->handle(Object(Illuminate\\Http\\Request), Object(Closure))\n#36 C:\\Users\\Lenovo\\Herd\\SMARTCANTEEN\\vendor\\laravel\\framework\\src\\Illuminate\\Http\\Middleware\\ValidatePostSize.php(27): Illuminate\\Pipeline\\Pipeline->{closure:{closure:Illuminate\\Pipeline\\Pipeline::carry():194}:195}(Object(Illuminate\\Http\\Request))\n#37 C:\\Users\\Lenovo\\Herd\\SMARTCANTEEN\\vendor\\laravel\\framework\\src\\Illuminate\\Pipeline\\Pipeline.php(219): Illuminate\\Http\\Middleware\\ValidatePostSize->handle(Object(Illuminate\\Http\\Request), Object(Closure))\n#38 C:\\Users\\Lenovo\\Herd\\SMARTCANTEEN\\vendor\\laravel\\framework\\src\\Illuminate\\Foundation\\Http\\Middleware\\PreventRequestsDuringMaintenance.php(109): Illuminate\\Pipeline\\Pipeline->{closure:{closure:Illuminate\\Pipeline\\Pipeline::carry():194}:195}(Object(Illuminate\\Http\\Request))\n#39 C:\\Users\\Lenovo\\Herd\\SMARTCANTEEN\\vendor\\laravel\\framework\\src\\Illuminate\\Pipeline\\Pipeline.php(219): Illuminate\\Foundation\\Http\\Middleware\\PreventRequestsDuringMaintenance->handle(Object(Illuminate\\Http\\Request), Object(Closure))\n#40 C:\\Users\\Lenovo\\Herd\\SMARTCANTEEN\\vendor\\laravel\\framework\\src\\Illuminate\\Http\\Middleware\\HandleCors.php(61): Illuminate\\Pipeline\\Pipeline->{closure:{closure:Illuminate\\Pipeline\\Pipeline::carry():194}:195}(Object(Illuminate\\Http\\Request))\n#41 C:\\Users\\Lenovo\\Herd\\SMARTCANTEEN\\vendor\\laravel\\framework\\src\\Illuminate\\Pipeline\\Pipeline.php(219): Illuminate\\Http\\Middleware\\HandleCors->handle(Object(Illuminate\\Http\\Request), Object(Closure))\n#42 C:\\Users\\Lenovo\\Herd\\SMARTCANTEEN\\vendor\\laravel\\framework\\src\\Illuminate\\Http\\Middleware\\TrustProxies.php(58): Illuminate\\Pipeline\\Pipeline->{closure:{closure:Illuminate\\Pipeline\\Pipeline::carry():194}:195}(Object(Illuminate\\Http\\Request))\n#43 C:\\Users\\Lenovo\\Herd\\SMARTCANTEEN\\vendor\\laravel\\framework\\src\\Illuminate\\Pipeline\\Pipeline.php(219): Illuminate\\Http\\Middleware\\TrustProxies->handle(Object(Illuminate\\Http\\Request), Object(Closure))\n#44 C:\\Users\\Lenovo\\Herd\\SMARTCANTEEN\\vendor\\laravel\\framework\\src\\Illuminate\\Foundation\\Http\\Middleware\\InvokeDeferredCallbacks.php(22): Illuminate\\Pipeline\\Pipeline->{closure:{closure:Illuminate\\Pipeline\\Pipeline::carry():194}:195}(Object(Illuminate\\Http\\Request))\n#45 C:\\Users\\Lenovo\\Herd\\SMARTCANTEEN\\vendor\\laravel\\framework\\src\\Illuminate\\Pipeline\\Pipeline.php(219): Illuminate\\Foundation\\Http\\Middleware\\InvokeDeferredCallbacks->handle(Object(Illuminate\\Http\\Request), Object(Closure))\n#46 C:\\Users\\Lenovo\\Herd\\SMARTCANTEEN\\vendor\\laravel\\framework\\src\\Illuminate\\Http\\Middleware\\ValidatePathEncoding.php(28): Illuminate\\Pipeline\\Pipeline->{closure:{closure:Illuminate\\Pipeline\\Pipeline::carry():194}:195}(Object(Illuminate\\Http\\Request))\n#47 C:\\Users\\Lenovo\\Herd\\SMARTCANTEEN\\vendor\\laravel\\framework\\src\\Illuminate\\Pipeline\\Pipeline.php(219): Illuminate\\Http\\Middleware\\ValidatePathEncoding->handle(Object(Illuminate\\Http\\Request), Object(Closure))\n#48 C:\\Users\\Lenovo\\Herd\\SMARTCANTEEN\\vendor\\laravel\\framework\\src\\Illuminate\\Pipeline\\Pipeline.php(137): Illuminate\\Pipeline\\Pipeline->{closure:{closure:Illuminate\\Pipeline\\Pipeline::carry():194}:195}(Object(Illuminate\\Http\\Request))\n#49 C:\\Users\\Lenovo\\Herd\\SMARTCANTEEN\\vendor\\laravel\\framework\\src\\Illuminate\\Foundation\\Http\\Kernel.php(175): Illuminate\\Pipeline\\Pipeline->then(Object(Closure))\n#50 C:\\Users\\Lenovo\\Herd\\SMARTCANTEEN\\vendor\\laravel\\framework\\src\\Illuminate\\Foundation\\Http\\Kernel.php(144): Illuminate\\Foundation\\Http\\Kernel->sendRequestThroughRouter(Object(Illuminate\\Http\\Request))\n#51 C:\\Users\\Lenovo\\Herd\\SMARTCANTEEN\\vendor\\laravel\\framework\\src\\Illuminate\\Foundation\\Testing\\Concerns\\MakesHttpRequests.php(607): Illuminate\\Foundation\\Http\\Kernel->handle(Object(Illuminate\\Http\\Request))\n#52 C:\\Users\\Lenovo\\Herd\\SMARTCANTEEN\\vendor\\laravel\\framework\\src\\Illuminate\\Foundation\\Testing\\Concerns\\MakesHttpRequests.php(368): Illuminate\\Foundation\\Testing\\TestCase->call('GET', '/login', Array, Array, Array, Array)\n#53 C:\\Users\\Lenovo\\Herd\\SMARTCANTEEN\\tests\\Feature\\Auth\\AuthenticationTest.php(18): Illuminate\\Foundation\\Testing\\TestCase->get('/login')\n#54 C:\\Users\\Lenovo\\Herd\\SMARTCANTEEN\\vendor\\phpunit\\phpunit\\src\\Framework\\TestCase.php(1318): Tests\\Feature\\Auth\\AuthenticationTest->test_login_screen_can_be_rendered()\n#55 C:\\Users\\Lenovo\\Herd\\SMARTCANTEEN\\vendor\\phpunit\\phpunit\\src\\Framework\\TestCase.php(1355): PHPUnit\\Framework\\TestCase->invokeTestMethod('test_login_scre..', Array)\n#56 C:\\Users\\Lenovo\\Herd\\SMARTCANTEEN\\vendor\\phpunit\\phpunit\\src\\Framework\\TestCase.php(521): PHPUnit\\Framework\\TestCase->runTest()\n#57 C:\\Users\\Lenovo\\Herd\\SMARTCANTEEN\\vendor\\phpunit\\phpunit\\src\\Framework\\TestRunner\\TestRunner.php(99): PHPUnit\\Framework\\TestCase->runBare()\n#58 C:\\Users\\Lenovo\\Herd\\SMARTCANTEEN\\vendor\\phpunit\\phpunit\\src\\Framework\\TestCase.php(361): PHPUnit\\Framework\\TestRunner->run(Object(Tests\\Feature\\Auth\\AuthenticationTest))\n#59 C:\\Users\\Lenovo\\Herd\\SMARTCANTEEN\\vendor\\phpunit\\phpunit\\src\\Framework\\TestSuite.php(374): PHPUnit\\Framework\\TestCase->run()\n#60 C:\\Users\\Lenovo\\Herd\\SMARTCANTEEN\\vendor\\phpunit\\phpunit\\src\\Framework\\TestSuite.php(374): PHPUnit\\Framework\\TestSuite->run()\n#61 C:\\Users\\Lenovo\\Herd\\SMARTCANTEEN\\vendor\\phpunit\\phpunit\\src\\Framework\\TestSuite.php(374): PHPUnit\\Framework\\TestSuite->run()\n#62 C:\\Users\\Lenovo\\Herd\\SMARTCANTEEN\\vendor\\phpunit\\phpunit\\src\\TextUI\\TestRunner.php(64): PHPUnit\\Framework\\TestSuite->run()\n#63 C:\\Users\\Lenovo\\Herd\\SMARTCANTEEN\\vendor\\phpunit\\phpunit\\src\\TextUI\\Application.php(229): PHPUnit\\TextUI\\TestRunner->run(Object(PHPUnit\\TextUI\\Configuration\\Configuration), Object(PHPUnit\\Runner\\ResultCache\\DefaultResultCache), Object(PHPUnit\\Framework\\TestSuite))\n#64 C:\\Users\\Lenovo\\Herd\\SMARTCANTEEN\\vendor\\phpunit\\phpunit\\phpunit(104): PHPUnit\\TextUI\\Application->run(Array)\n#65 {main}\n\n----------------------------------------------------------------------------------\n\nLivewire page component layout view not found: [components.layouts.app]"},{"test":"Tests\\Feature\\Auth\\RegistrationTest::test_registration_screen_can_be_rendered","file":"C:\\Users\\Lenovo\\Herd\\SMARTCANTEEN\\tests\\Feature\\Auth\\RegistrationTest.php","line":15,"message":"Expected response status code [200] but received 500.\nFailed asserting that 500 is identical to 200.\r\n\r\nThe following exception occurred during the last request:\n\nLivewire\\Features\\SupportPageComponents\\MissingLayoutException: Livewire page component layout view not found: [components.layouts.app] in C:\\Users\\Lenovo\\Herd\\SMARTCANTEEN\\vendor\\livewire\\livewire\\src\\Features\\SupportPageComponents\\SupportPageComponents.php:192\nStack trace:\n#0 C:\\Users\\Lenovo\\Herd\\SMARTCANTEEN\\vendor\\livewire\\livewire\\src\\Features\\SupportPageComponents\\HandlesPageComponents.php(24): Livewire\\Features\\SupportPageComponents\\SupportPageComponents::renderContentsIntoLayout('<div wire:snaps..', Object(Livewire\\Features\\SupportPageComponents\\PageComponentConfig))\n#1 C:\\Users\\Lenovo\\Herd\\SMARTCANTEEN\\vendor\\laravel\\framework\\src\\Illuminate\\Routing\\ControllerDispatcher.php(46): Livewire\\Component->__invoke()\n#2 C:\\Users\\Lenovo\\Herd\\SMARTCANTEEN\\vendor\\laravel\\framework\\src\\Illuminate\\Routing\\Route.php(275): Illuminate\\Routing\\ControllerDispatcher->dispatch(Object(Illuminate\\Routing\\Route), Object(App\\Livewire\\Auth\\RegisterForm), '__invoke')\n#3 C:\\Users\\Lenovo\\Herd\\SMARTCANTEEN\\vendor\\laravel\\framework\\src\\Illuminate\\Routing\\Route.php(215): Illuminate\\Routing\\Route->runController()\n#4 C:\\Users\\Lenovo\\Herd\\SMARTCANTEEN\\vendor\\laravel\\framework\\src\\Illuminate\\Routing\\Router.php(822): Illuminate\\Routing\\Route->run()\n#5 C:\\Users\\Lenovo\\Herd\\SMARTCANTEEN\\vendor\\laravel\\framework\\src\\Illuminate\\Pipeline\\Pipeline.php(180): Illuminate\\Routing\\Router->{closure:Illuminate\\Routing\\Router::runRouteWithinStack():821}(Object(Illuminate\\Http\\Request))\n#6 C:\\Users\\Lenovo\\Herd\\SMARTCANTEEN\\vendor\\laravel\\framework\\src\\Illuminate\\Auth\\Middleware\\RedirectIfAuthenticated.php(47): Illuminate\\Pipeline\\Pipeline->{closure:Illuminate\\Pipeline\\Pipeline::prepareDestination():178}(Object(Illuminate\\Http\\Request))\n#7 C:\\Users\\Lenovo\\Herd\\SMARTCANTEEN\\vendor\\laravel\\framework\\src\\Illuminate\\Pipeline\\Pipeline.php(219): Illuminate\\Auth\\Middleware\\RedirectIfAuthenticated->handle(Object(Illuminate\\Http\\Request), Object(Closure))\n#8 C:\\Users\\Lenovo\\Herd\\SMARTCANTEEN\\vendor\\laravel\\framework\\src\\Illuminate\\Routing\\Middleware\\SubstituteBindings.php(52): Illuminate\\Pipeline\\Pipeline->{closure:{closure:Illuminate\\Pipeline\\Pipeline::carry():194}:195}(Object(Illuminate\\Http\\Request))\n#9 C:\\Users\\Lenovo\\Herd\\SMARTCANTEEN\\vendor\\laravel\\framework\\src\\Illuminate\\Pipeline\\Pipeline.php(219): Illuminate\\Routing\\Middleware\\SubstituteBindings->handle(Object(Illuminate\\Http\\Request), Object(Closure))\n#10 C:\\Users\\Lenovo\\Herd\\SMARTCANTEEN\\vendor\\laravel\\framework\\src\\Illuminate\\Foundation\\Http\\Middleware\\PreventRequestForgery.php(104): Illuminate\\Pipeline\\Pipeline->{closure:{closure:Illuminate\\Pipeline\\Pipeline::carry():194}:195}(Object(Illuminate\\Http\\Request))\n#11 C:\\Users\\Lenovo\\Herd\\SMARTCANTEEN\\vendor\\laravel\\framework\\src\\Illuminate\\Pipeline\\Pipeline.php(219): Illuminate\\Foundation\\Http\\Middleware\\PreventRequestForgery->handle(Object(Illuminate\\Http\\Request), Object(Closure))\n#12 C:\\Users\\Lenovo\\Herd\\SMARTCANTEEN\\vendor\\laravel\\framework\\src\\Illuminate\\View\\Middleware\\ShareErrorsFromSession.php(48): Illuminate\\Pipeline\\Pipeline->{closure:{closure:Illuminate\\Pipeline\\Pipeline::carry():194}:195}(Object(Illuminate\\Http\\Request))\n#13 C:\\Users\\Lenovo\\Herd\\SMARTCANTEEN\\vendor\\laravel\\framework\\src\\Illuminate\\Pipeline\\Pipeline.php(219): Illuminate\\View\\Middleware\\ShareErrorsFromSession->handle(Object(Illuminate\\Http\\Request), Object(Closure))\n#14 C:\\Users\\Lenovo\\Herd\\SMARTCANTEEN\\vendor\\laravel\\framework\\src\\Illuminate\\Session\\Middleware\\StartSession.php(120): Illuminate\\Pipeline\\Pipeline->{closure:{closure:Illuminate\\Pipeline\\Pipeline::carry():194}:195}(Object(Illuminate\\Http\\Request))\n#15 C:\\Users\\Lenovo\\Herd\\SMARTCANTEEN\\vendor\\laravel\\framework\\src\\Illuminate\\Session\\Middleware\\StartSession.php(63): Illuminate\\Session\\Middleware\\StartSession->handleStatefulRequest(Object(Illuminate\\Http\\Request), Object(Illuminate\\Session\\Store), Object(Closure))\n#16 C:\\Users\\Lenovo\\Herd\\SMARTCANTEEN\\vendor\\laravel\\framework\\src\\Illuminate\\Pipeline\\Pipeline.php(219): Illuminate\\Session\\Middleware\\StartSession->handle(Object(Illuminate\\Http\\Request), Object(Closure))\n#17 C:\\Users\\Lenovo\\Herd\\SMARTCANTEEN\\vendor\\laravel\\framework\\src\\Illuminate\\Cookie\\Middleware\\AddQueuedCookiesToResponse.php(36): Illuminate\\Pipeline\\Pipeline->{closure:{closure:Illuminate\\Pipeline\\Pipeline::carry():194}:195}(Object(Illuminate\\Http\\Request))\n#18 C:\\Users\\Lenovo\\Herd\\SMARTCANTEEN\\vendor\\laravel\\framework\\src\\Illuminate\\Pipeline\\Pipeline.php(219): Illuminate\\Cookie\\Middleware\\AddQueuedCookiesToResponse->handle(Object(Illuminate\\Http\\Request), Object(Closure))\n#19 C:\\Users\\Lenovo\\Herd\\SMARTCANTEEN\\vendor\\laravel\\framework\\src\\Illuminate\\Cookie\\Middleware\\EncryptCookies.php(74): Illuminate\\Pipeline\\Pipeline->{closure:{closure:Illuminate\\Pipeline\\Pipeline::carry():194}:195}(Object(Illuminate\\Http\\Request))\n#20 C:\\Users\\Lenovo\\Herd\\SMARTCANTEEN\\vendor\\laravel\\framework\\src\\Illuminate\\Pipeline\\Pipeline.php(219): Illuminate\\Cookie\\Middleware\\EncryptCookies->handle(Object(Illuminate\\Http\\Request), Object(Closure))\n#21 C:\\Users\\Lenovo\\Herd\\SMARTCANTEEN\\vendor\\laravel\\framework\\src\\Illuminate\\Pipeline\\Pipeline.php(137): Illuminate\\Pipeline\\Pipeline->{closure:{closure:Illuminate\\Pipeline\\Pipeline::carry():194}:195}(Object(Illuminate\\Http\\Request))\n#22 C:\\Users\\Lenovo\\Herd\\SMARTCANTEEN\\vendor\\laravel\\framework\\src\\Illuminate\\Routing\\Router.php(821): Illuminate\\Pipeline\\Pipeline->then(Object(Closure))\n#23 C:\\Users\\Lenovo\\Herd\\SMARTCANTEEN\\vendor\\laravel\\framework\\src\\Illuminate\\Routing\\Router.php(800): Illuminate\\Routing\\Router->runRouteWithinStack(Object(Illuminate\\Routing\\Route), Object(Illuminate\\Http\\Request))\n#24 C:\\Users\\Lenovo\\Herd\\SMARTCANTEEN\\vendor\\laravel\\framework\\src\\Illuminate\\Routing\\Router.php(764): Illuminate\\Routing\\Router->runRoute(Object(Illuminate\\Http\\Request), Object(Illuminate\\Routing\\Route))\n#25 C:\\Users\\Lenovo\\Herd\\SMARTCANTEEN\\vendor\\laravel\\framework\\src\\Illuminate\\Routing\\Router.php(753): Illuminate\\Routing\\Router->dispatchToRoute(Object(Illuminate\\Http\\Request))\n#26 C:\\Users\\Lenovo\\Herd\\SMARTCANTEEN\\vendor\\laravel\\framework\\src\\Illuminate\\Foundation\\Http\\Kernel.php(200): Illuminate\\Routing\\Router->dispatch(Object(Illuminate\\Http\\Request))\n#27 C:\\Users\\Lenovo\\Herd\\SMARTCANTEEN\\vendor\\laravel\\framework\\src\\Illuminate\\Pipeline\\Pipeline.php(180): Illuminate\\Foundation\\Http\\Kernel->{closure:Illuminate\\Foundation\\Http\\Kernel::dispatchToRouter():197}(Object(Illuminate\\Http\\Request))\n#28 C:\\Users\\Lenovo\\Herd\\SMARTCANTEEN\\vendor\\livewire\\livewire\\src\\Features\\SupportDisablingBackButtonCache\\DisableBackButtonCacheMiddleware.php(19): Illuminate\\Pipeline\\Pipeline->{closure:Illuminate\\Pipeline\\Pipeline::prepareDestination():178}(Object(Illuminate\\Http\\Request))\n#29 C:\\Users\\Lenovo\\Herd\\SMARTCANTEEN\\vendor\\laravel\\framework\\src\\Illuminate\\Pipeline\\Pipeline.php(219): Livewire\\Features\\SupportDisablingBackButtonCache\\DisableBackButtonCacheMiddleware->handle(Object(Illuminate\\Http\\Request), Object(Closure))\n#30 C:\\Users\\Lenovo\\Herd\\SMARTCANTEEN\\vendor\\laravel\\framework\\src\\Illuminate\\Foundation\\Http\\Middleware\\TransformsRequest.php(21): Illuminate\\Pipeline\\Pipeline->{closure:{closure:Illuminate\\Pipeline\\Pipeline::carry():194}:195}(Object(Illuminate\\Http\\Request))\n#31 C:\\Users\\Lenovo\\Herd\\SMARTCANTEEN\\vendor\\laravel\\framework\\src\\Illuminate\\Foundation\\Http\\Middleware\\ConvertEmptyStringsToNull.php(31): Illuminate\\Foundation\\Http\\Middleware\\TransformsRequest->handle(Object(Illuminate\\Http\\Request), Object(Closure))\n#32 C:\\Users\\Lenovo\\Herd\\SMARTCANTEEN\\vendor\\laravel\\framework\\src\\Illuminate\\Pipeline\\Pipeline.php(219): Illuminate\\Foundation\\Http\\Middleware\\ConvertEmptyStringsToNull->handle(Object(Illuminate\\Http\\Request), Object(Closure))\n#33 C:\\Users\\Lenovo\\Herd\\SMARTCANTEEN\\vendor\\laravel\\framework\\src\\Illuminate\\Foundation\\Http\\Middleware\\TransformsRequest.php(21): Illuminate\\Pipeline\\Pipeline->{closure:{closure:Illuminate\\Pipeline\\Pipeline::carry():194}:195}(Object(Illuminate\\Http\\Request))\n#34 C:\\Users\\Lenovo\\Herd\\SMARTCANTEEN\\vendor\\laravel\\framework\\src\\Illuminate\\Foundation\\Http\\Middleware\\TrimStrings.php(51): Illuminate\\Foundation\\Http\\Middleware\\TransformsRequest->handle(Object(Illuminate\\Http\\Request), Object(Closure))\n#35 C:\\Users\\Lenovo\\Herd\\SMARTCANTEEN\\vendor\\laravel\\framework\\src\\Illuminate\\Pipeline\\Pipeline.php(219): Illuminate\\Foundation\\Http\\Middleware\\TrimStrings->handle(Object(Illuminate\\Http\\Request), Object(Closure))\n#36 C:\\Users\\Lenovo\\Herd\\SMARTCANTEEN\\vendor\\laravel\\framework\\src\\Illuminate\\Http\\Middleware\\ValidatePostSize.php(27): Illuminate\\Pipeline\\Pipeline->{closure:{closure:Illuminate\\Pipeline\\Pipeline::carry():194}:195}(Object(Illuminate\\Http\\Request))\n#37 C:\\Users\\Lenovo\\Herd\\SMARTCANTEEN\\vendor\\laravel\\framework\\src\\Illuminate\\Pipeline\\Pipeline.php(219): Illuminate\\Http\\Middleware\\ValidatePostSize->handle(Object(Illuminate\\Http\\Request), Object(Closure))\n#38 C:\\Users\\Lenovo\\Herd\\SMARTCANTEEN\\vendor\\laravel\\framework\\src\\Illuminate\\Foundation\\Http\\Middleware\\PreventRequestsDuringMaintenance.php(109): Illuminate\\Pipeline\\Pipeline->{closure:{closure:Illuminate\\Pipeline\\Pipeline::carry():194}:195}(Object(Illuminate\\Http\\Request))\n#39 C:\\Users\\Lenovo\\Herd\\SMARTCANTEEN\\vendor\\laravel\\framework\\src\\Illuminate\\Pipeline\\Pipeline.php(219): Illuminate\\Foundation\\Http\\Middleware\\PreventRequestsDuringMaintenance->handle(Object(Illuminate\\Http\\Request), Object(Closure))\n#40 C:\\Users\\Lenovo\\Herd\\SMARTCANTEEN\\vendor\\laravel\\framework\\src\\Illuminate\\Http\\Middleware\\HandleCors.php(61): Illuminate\\Pipeline\\Pipeline->{closure:{closure:Illuminate\\Pipeline\\Pipeline::carry():194}:195}(Object(Illuminate\\Http\\Request))\n#41 C:\\Users\\Lenovo\\Herd\\SMARTCANTEEN\\vendor\\laravel\\framework\\src\\Illuminate\\Pipeline\\Pipeline.php(219): Illuminate\\Http\\Middleware\\HandleCors->handle(Object(Illuminate\\Http\\Request), Object(Closure))\n#42 C:\\Users\\Lenovo\\Herd\\SMARTCANTEEN\\vendor\\laravel\\framework\\src\\Illuminate\\Http\\Middleware\\TrustProxies.php(58): Illuminate\\Pipeline\\Pipeline->{closure:{closure:Illuminate\\Pipeline\\Pipeline::carry():194}:195}(Object(Illuminate\\Http\\Request))\n#43 C:\\Users\\Lenovo\\Herd\\SMARTCANTEEN\\vendor\\laravel\\framework\\src\\Illuminate\\Pipeline\\Pipeline.php(219): Illuminate\\Http\\Middleware\\TrustProxies->handle(Object(Illuminate\\Http\\Request), Object(Closure))\n#44 C:\\Users\\Lenovo\\Herd\\SMARTCANTEEN\\vendor\\laravel\\framework\\src\\Illuminate\\Foundation\\Http\\Middleware\\InvokeDeferredCallbacks.php(22): Illuminate\\Pipeline\\Pipeline->{closure:{closure:Illuminate\\Pipeline\\Pipeline::carry():194}:195}(Object(Illuminate\\Http\\Request))\n#45 C:\\Users\\Lenovo\\Herd\\SMARTCANTEEN\\vendor\\laravel\\framework\\src\\Illuminate\\Pipeline\\Pipeline.php(219): Illuminate\\Foundation\\Http\\Middleware\\InvokeDeferredCallbacks->handle(Object(Illuminate\\Http\\Request), Object(Closure))\n#46 C:\\Users\\Lenovo\\Herd\\SMARTCANTEEN\\vendor\\laravel\\framework\\src\\Illuminate\\Http\\Middleware\\ValidatePathEncoding.php(28): Illuminate\\Pipeline\\Pipeline->{closure:{closure:Illuminate\\Pipeline\\Pipeline::carry():194}:195}(Object(Illuminate\\Http\\Request))\n#47 C:\\Users\\Lenovo\\Herd\\SMARTCANTEEN\\vendor\\laravel\\framework\\src\\Illuminate\\Pipeline\\Pipeline.php(219): Illuminate\\Http\\Middleware\\ValidatePathEncoding->handle(Object(Illuminate\\Http\\Request), Object(Closure))\n#48 C:\\Users\\Lenovo\\Herd\\SMARTCANTEEN\\vendor\\laravel\\framework\\src\\Illuminate\\Pipeline\\Pipeline.php(137): Illuminate\\Pipeline\\Pipeline->{closure:{closure:Illuminate\\Pipeline\\Pipeline::carry():194}:195}(Object(Illuminate\\Http\\Request))\n#49 C:\\Users\\Lenovo\\Herd\\SMARTCANTEEN\\vendor\\laravel\\framework\\src\\Illuminate\\Foundation\\Http\\Kernel.php(175): Illuminate\\Pipeline\\Pipeline->then(Object(Closure))\n#50 C:\\Users\\Lenovo\\Herd\\SMARTCANTEEN\\vendor\\laravel\\framework\\src\\Illuminate\\Foundation\\Http\\Kernel.php(144): Illuminate\\Foundation\\Http\\Kernel->sendRequestThroughRouter(Object(Illuminate\\Http\\Request))\n#51 C:\\Users\\Lenovo\\Herd\\SMARTCANTEEN\\vendor\\laravel\\framework\\src\\Illuminate\\Foundation\\Testing\\Concerns\\MakesHttpRequests.php(607): Illuminate\\Foundation\\Http\\Kernel->handle(Object(Illuminate\\Http\\Request))\n#52 C:\\Users\\Lenovo\\Herd\\SMARTCANTEEN\\vendor\\laravel\\framework\\src\\Illuminate\\Foundation\\Testing\\Concerns\\MakesHttpRequests.php(368): Illuminate\\Foundation\\Testing\\TestCase->call('GET', '/register', Array, Array, Array, Array)\n#53 C:\\Users\\Lenovo\\Herd\\SMARTCANTEEN\\tests\\Feature\\Auth\\RegistrationTest.php(17): Illuminate\\Foundation\\Testing\\TestCase->get('/register')\n#54 C:\\Users\\Lenovo\\Herd\\SMARTCANTEEN\\vendor\\phpunit\\phpunit\\src\\Framework\\TestCase.php(1318): Tests\\Feature\\Auth\\RegistrationTest->test_registration_screen_can_be_rendered()\n#55 C:\\Users\\Lenovo\\Herd\\SMARTCANTEEN\\vendor\\phpunit\\phpunit\\src\\Framework\\TestCase.php(1355): PHPUnit\\Framework\\TestCase->invokeTestMethod('test_registrati..', Array)\n#56 C:\\Users\\Lenovo\\Herd\\SMARTCANTEEN\\vendor\\phpunit\\phpunit\\src\\Framework\\TestCase.php(521): PHPUnit\\Framework\\TestCase->runTest()\n#57 C:\\Users\\Lenovo\\Herd\\SMARTCANTEEN\\vendor\\phpunit\\phpunit\\src\\Framework\\TestRunner\\TestRunner.php(99): PHPUnit\\Framework\\TestCase->runBare()\n#58 C:\\Users\\Lenovo\\Herd\\SMARTCANTEEN\\vendor\\phpunit\\phpunit\\src\\Framework\\TestCase.php(361): PHPUnit\\Framework\\TestRunner->run(Object(Tests\\Feature\\Auth\\RegistrationTest))\n#59 C:\\Users\\Lenovo\\Herd\\SMARTCANTEEN\\vendor\\phpunit\\phpunit\\src\\Framework\\TestSuite.php(374): PHPUnit\\Framework\\TestCase->run()\n#60 C:\\Users\\Lenovo\\Herd\\SMARTCANTEEN\\vendor\\phpunit\\phpunit\\src\\Framework\\TestSuite.php(374): PHPUnit\\Framework\\TestSuite->run()\n#61 C:\\Users\\Lenovo\\Herd\\SMARTCANTEEN\\vendor\\phpunit\\phpunit\\src\\Framework\\TestSuite.php(374): PHPUnit\\Framework\\TestSuite->run()\n#62 C:\\Users\\Lenovo\\Herd\\SMARTCANTEEN\\vendor\\phpunit\\phpunit\\src\\TextUI\\TestRunner.php(64): PHPUnit\\Framework\\TestSuite->run()\n#63 C:\\Users\\Lenovo\\Herd\\SMARTCANTEEN\\vendor\\phpunit\\phpunit\\src\\TextUI\\Application.php(229): PHPUnit\\TextUI\\TestRunner->run(Object(PHPUnit\\TextUI\\Configuration\\Configuration), Object(PHPUnit\\Runner\\ResultCache\\DefaultResultCache), Object(PHPUnit\\Framework\\TestSuite))\n#64 C:\\Users\\Lenovo\\Herd\\SMARTCANTEEN\\vendor\\phpunit\\phpunit\\phpunit(104): PHPUnit\\TextUI\\Application->run(Array)\n#65 {main}\n\n----------------------------------------------------------------------------------\n\nLivewire page component layout view not found: [components.layouts.app]"},{"test":"Tests\\Feature\\CanteenOrderTest::test_checkout_creates_order_and_decrements_stock","file":"C:\\Users\\Lenovo\\Herd\\SMARTCANTEEN\\tests\\Feature\\CanteenOrderTest.php","line":58,"message":"Failed asserting that false matches expected true."},{"test":"Tests\\Feature\\CanteenOrderTest::test_simulate_payment_changes_status_to_diterima","file":"C:\\Users\\Lenovo\\Herd\\SMARTCANTEEN\\tests\\Feature\\CanteenOrderTest.php","line":104,"message":"Failed asserting that two arrays are equal.\n--- Expected\n+++ Actual\n@@ @@\n Array (\n+ 1 => 1\n+ 0 => 0\n )"},{"test":"Tests\\Feature\\CanteenOrderTest::test_cancel_order_restores_stock","file":"C:\\Users\\Lenovo\\Herd\\SMARTCANTEEN\\tests\\Feature\\CanteenOrderTest.php","line":134,"message":"Failed asserting that 5 is identical to 3."},{"test":"Tests\\Feature\\CanteenOrderTest::test_audit_log_is_written_on_order_creation","file":"C:\\Users\\Lenovo\\Herd\\SMARTCANTEEN\\tests\\Feature\\CanteenOrderTest.php","line":237,"message":"Failed asserting that a row in the table [audit_logs] matches the attributes {\n \"user_id\": 2,\n \"action\": \"order.created\"\n}.\n\nThe table is empty."},{"test":"Tests\\Feature\\CanteenOrderTest::test_audit_log_is_written_on_payment","file":"C:\\Users\\Lenovo\\Herd\\SMARTCANTEEN\\tests\\Feature\\CanteenOrderTest.php","line":255,"message":"Failed asserting that a row in the table [audit_logs] matches the attributes {\n \"user_id\": 2,\n \"action\": \"order.paid\"\n}.\n\nThe table is empty."},{"test":"Tests\\Feature\\ProfileTest::test_profile_page_is_displayed","file":"C:\\Users\\Lenovo\\Herd\\SMARTCANTEEN\\tests\\Feature\\ProfileTest.php","line":15,"message":"Expected response status code [200] but received 500.\nFailed asserting that 500 is identical to 200.\r\n\r\nThe following exception occurred during the last request:\n\nLivewire\\Features\\SupportPageComponents\\MissingLayoutException: Livewire page component layout view not found: [components.layouts.app] in C:\\Users\\Lenovo\\Herd\\SMARTCANTEEN\\vendor\\livewire\\livewire\\src\\Features\\SupportPageComponents\\SupportPageComponents.php:192\nStack trace:\n#0 C:\\Users\\Lenovo\\Herd\\SMARTCANTEEN\\vendor\\livewire\\livewire\\src\\Features\\SupportPageComponents\\HandlesPageComponents.php(24): Livewire\\Features\\SupportPageComponents\\SupportPageComponents::renderContentsIntoLayout('<div wire:snaps..', Object(Livewire\\Features\\SupportPageComponents\\PageComponentConfig))\n#1 C:\\Users\\Lenovo\\Herd\\SMARTCANTEEN\\vendor\\laravel\\framework\\src\\Illuminate\\Routing\\ControllerDispatcher.php(46): Livewire\\Component->__invoke()\n#2 C:\\Users\\Lenovo\\Herd\\SMARTCANTEEN\\vendor\\laravel\\framework\\src\\Illuminate\\Routing\\Route.php(275): Illuminate\\Routing\\ControllerDispatcher->dispatch(Object(Illuminate\\Routing\\Route), Object(App\\Livewire\\ProfileEditor), '__invoke')\n#3 C:\\Users\\Lenovo\\Herd\\SMARTCANTEEN\\vendor\\laravel\\framework\\src\\Illuminate\\Routing\\Route.php(215): Illuminate\\Routing\\Route->runController()\n#4 C:\\Users\\Lenovo\\Herd\\SMARTCANTEEN\\vendor\\laravel\\framework\\src\\Illuminate\\Routing\\Router.php(822): Illuminate\\Routing\\Route->run()\n#5 C:\\Users\\Lenovo\\Herd\\SMARTCANTEEN\\vendor\\laravel\\framework\\src\\Illuminate\\Pipeline\\Pipeline.php(180): Illuminate\\Routing\\Router->{closure:Illuminate\\Routing\\Router::runRouteWithinStack():821}(Object(Illuminate\\Http\\Request))\n#6 C:\\Users\\Lenovo\\Herd\\SMARTCANTEEN\\vendor\\laravel\\framework\\src\\Illuminate\\Routing\\Middleware\\SubstituteBindings.php(52): Illuminate\\Pipeline\\Pipeline->{closure:Illuminate\\Pipeline\\Pipeline::prepareDestination():178}(Object(Illuminate\\Http\\Request))\n#7 C:\\Users\\Lenovo\\Herd\\SMARTCANTEEN\\vendor\\laravel\\framework\\src\\Illuminate\\Pipeline\\Pipeline.php(219): Illuminate\\Routing\\Middleware\\SubstituteBindings->handle(Object(Illuminate\\Http\\Request), Object(Closure))\n#8 C:\\Users\\Lenovo\\Herd\\SMARTCANTEEN\\vendor\\laravel\\framework\\src\\Illuminate\\Auth\\Middleware\\Authenticate.php(63): Illuminate\\Pipeline\\Pipeline->{closure:{closure:Illuminate\\Pipeline\\Pipeline::carry():194}:195}(Object(Illuminate\\Http\\Request))\n#9 C:\\Users\\Lenovo\\Herd\\SMARTCANTEEN\\vendor\\laravel\\framework\\src\\Illuminate\\Pipeline\\Pipeline.php(219): Illuminate\\Auth\\Middleware\\Authenticate->handle(Object(Illuminate\\Http\\Request), Object(Closure))\n#10 C:\\Users\\Lenovo\\Herd\\SMARTCANTEEN\\vendor\\laravel\\framework\\src\\Illuminate\\Foundation\\Http\\Middleware\\PreventRequestForgery.php(104): Illuminate\\Pipeline\\Pipeline->{closure:{closure:Illuminate\\Pipeline\\Pipeline::carry():194}:195}(Object(Illuminate\\Http\\Request))\n#11 C:\\Users\\Lenovo\\Herd\\SMARTCANTEEN\\vendor\\laravel\\framework\\src\\Illuminate\\Pipeline\\Pipeline.php(219): Illuminate\\Foundation\\Http\\Middleware\\PreventRequestForgery->handle(Object(Illuminate\\Http\\Request), Object(Closure))\n#12 C:\\Users\\Lenovo\\Herd\\SMARTCANTEEN\\vendor\\laravel\\framework\\src\\Illuminate\\View\\Middleware\\ShareErrorsFromSession.php(48): Illuminate\\Pipeline\\Pipeline->{closure:{closure:Illuminate\\Pipeline\\Pipeline::carry():194}:195}(Object(Illuminate\\Http\\Request))\n#13 C:\\Users\\Lenovo\\Herd\\SMARTCANTEEN\\vendor\\laravel\\framework\\src\\Illuminate\\Pipeline\\Pipeline.php(219): Illuminate\\View\\Middleware\\ShareErrorsFromSession->handle(Object(Illuminate\\Http\\Request), Object(Closure))\n#14 C:\\Users\\Lenovo\\Herd\\SMARTCANTEEN\\vendor\\laravel\\framework\\src\\Illuminate\\Session\\Middleware\\StartSession.php(120): Illuminate\\Pipeline\\Pipeline->{closure:{closure:Illuminate\\Pipeline\\Pipeline::carry():194}:195}(Object(Illuminate\\Http\\Request))\n#15 C:\\Users\\Lenovo\\Herd\\SMARTCANTEEN\\vendor\\laravel\\framework\\src\\Illuminate\\Session\\Middleware\\StartSession.php(63): Illuminate\\Session\\Middleware\\StartSession->handleStatefulRequest(Object(Illuminate\\Http\\Request), Object(Illuminate\\Session\\Store), Object(Closure))\n#16 C:\\Users\\Lenovo\\Herd\\SMARTCANTEEN\\vendor\\laravel\\framework\\src\\Illuminate\\Pipeline\\Pipeline.php(219): Illuminate\\Session\\Middleware\\StartSession->handle(Object(Illuminate\\Http\\Request), Object(Closure))\n#17 C:\\Users\\Lenovo\\Herd\\SMARTCANTEEN\\vendor\\laravel\\framework\\src\\Illuminate\\Cookie\\Middleware\\AddQueuedCookiesToResponse.php(36): Illuminate\\Pipeline\\Pipeline->{closure:{closure:Illuminate\\Pipeline\\Pipeline::carry():194}:195}(Object(Illuminate\\Http\\Request))\n#18 C:\\Users\\Lenovo\\Herd\\SMARTCANTEEN\\vendor\\laravel\\framework\\src\\Illuminate\\Pipeline\\Pipeline.php(219): Illuminate\\Cookie\\Middleware\\AddQueuedCookiesToResponse->handle(Object(Illuminate\\Http\\Request), Object(Closure))\n#19 C:\\Users\\Lenovo\\Herd\\SMARTCANTEEN\\vendor\\laravel\\framework\\src\\Illuminate\\Cookie\\Middleware\\EncryptCookies.php(74): Illuminate\\Pipeline\\Pipeline->{closure:{closure:Illuminate\\Pipeline\\Pipeline::carry():194}:195}(Object(Illuminate\\Http\\Request))\n#20 C:\\Users\\Lenovo\\Herd\\SMARTCANTEEN\\vendor\\laravel\\framework\\src\\Illuminate\\Pipeline\\Pipeline.php(219): Illuminate\\Cookie\\Middleware\\EncryptCookies->handle(Object(Illuminate\\Http\\Request), Object(Closure))\n#21 C:\\Users\\Lenovo\\Herd\\SMARTCANTEEN\\vendor\\laravel\\framework\\src\\Illuminate\\Pipeline\\Pipeline.php(137): Illuminate\\Pipeline\\Pipeline->{closure:{closure:Illuminate\\Pipeline\\Pipeline::carry():194}:195}(Object(Illuminate\\Http\\Request))\n#22 C:\\Users\\Lenovo\\Herd\\SMARTCANTEEN\\vendor\\laravel\\framework\\src\\Illuminate\\Routing\\Router.php(821): Illuminate\\Pipeline\\Pipeline->then(Object(Closure))\n#23 C:\\Users\\Lenovo\\Herd\\SMARTCANTEEN\\vendor\\laravel\\framework\\src\\Illuminate\\Routing\\Router.php(800): Illuminate\\Routing\\Router->runRouteWithinStack(Object(Illuminate\\Routing\\Route), Object(Illuminate\\Http\\Request))\n#24 C:\\Users\\Lenovo\\Herd\\SMARTCANTEEN\\vendor\\laravel\\framework\\src\\Illuminate\\Routing\\Router.php(764): Illuminate\\Routing\\Router->runRoute(Object(Illuminate\\Http\\Request), Object(Illuminate\\Routing\\Route))\n#25 C:\\Users\\Lenovo\\Herd\\SMARTCANTEEN\\vendor\\laravel\\framework\\src\\Illuminate\\Routing\\Router.php(753): Illuminate\\Routing\\Router->dispatchToRoute(Object(Illuminate\\Http\\Request))\n#26 C:\\Users\\Lenovo\\Herd\\SMARTCANTEEN\\vendor\\laravel\\framework\\src\\Illuminate\\Foundation\\Http\\Kernel.php(200): Illuminate\\Routing\\Router->dispatch(Object(Illuminate\\Http\\Request))\n#27 C:\\Users\\Lenovo\\Herd\\SMARTCANTEEN\\vendor\\laravel\\framework\\src\\Illuminate\\Pipeline\\Pipeline.php(180): Illuminate\\Foundation\\Http\\Kernel->{closure:Illuminate\\Foundation\\Http\\Kernel::dispatchToRouter():197}(Object(Illuminate\\Http\\Request))\n#28 C:\\Users\\Lenovo\\Herd\\SMARTCANTEEN\\vendor\\livewire\\livewire\\src\\Features\\SupportDisablingBackButtonCache\\DisableBackButtonCacheMiddleware.php(19): Illuminate\\Pipeline\\Pipeline->{closure:Illuminate\\Pipeline\\Pipeline::prepareDestination():178}(Object(Illuminate\\Http\\Request))\n#29 C:\\Users\\Lenovo\\Herd\\SMARTCANTEEN\\vendor\\laravel\\framework\\src\\Illuminate\\Pipeline\\Pipeline.php(219): Livewire\\Features\\SupportDisablingBackButtonCache\\DisableBackButtonCacheMiddleware->handle(Object(Illuminate\\Http\\Request), Object(Closure))\n#30 C:\\Users\\Lenovo\\Herd\\SMARTCANTEEN\\vendor\\laravel\\framework\\src\\Illuminate\\Foundation\\Http\\Middleware\\TransformsRequest.php(21): Illuminate\\Pipeline\\Pipeline->{closure:{closure:Illuminate\\Pipeline\\Pipeline::carry():194}:195}(Object(Illuminate\\Http\\Request))\n#31 C:\\Users\\Lenovo\\Herd\\SMARTCANTEEN\\vendor\\laravel\\framework\\src\\Illuminate\\Foundation\\Http\\Middleware\\ConvertEmptyStringsToNull.php(31): Illuminate\\Foundation\\Http\\Middleware\\TransformsRequest->handle(Object(Illuminate\\Http\\Request), Object(Closure))\n#32 C:\\Users\\Lenovo\\Herd\\SMARTCANTEEN\\vendor\\laravel\\framework\\src\\Illuminate\\Pipeline\\Pipeline.php(219): Illuminate\\Foundation\\Http\\Middleware\\ConvertEmptyStringsToNull->handle(Object(Illuminate\\Http\\Request), Object(Closure))\n#33 C:\\Users\\Lenovo\\Herd\\SMARTCANTEEN\\vendor\\laravel\\framework\\src\\Illuminate\\Foundation\\Http\\Middleware\\TransformsRequest.php(21): Illuminate\\Pipeline\\Pipeline->{closure:{closure:Illuminate\\Pipeline\\Pipeline::carry():194}:195}(Object(Illuminate\\Http\\Request))\n#34 C:\\Users\\Lenovo\\Herd\\SMARTCANTEEN\\vendor\\laravel\\framework\\src\\Illuminate\\Foundation\\Http\\Middleware\\TrimStrings.php(51): Illuminate\\Foundation\\Http\\Middleware\\TransformsRequest->handle(Object(Illuminate\\Http\\Request), Object(Closure))\n#35 C:\\Users\\Lenovo\\Herd\\SMARTCANTEEN\\vendor\\laravel\\framework\\src\\Illuminate\\Pipeline\\Pipeline.php(219): Illuminate\\Foundation\\Http\\Middleware\\TrimStrings->handle(Object(Illuminate\\Http\\Request), Object(Closure))\n#36 C:\\Users\\Lenovo\\Herd\\SMARTCANTEEN\\vendor\\laravel\\framework\\src\\Illuminate\\Http\\Middleware\\ValidatePostSize.php(27): Illuminate\\Pipeline\\Pipeline->{closure:{closure:Illuminate\\Pipeline\\Pipeline::carry():194}:195}(Object(Illuminate\\Http\\Request))\n#37 C:\\Users\\Lenovo\\Herd\\SMARTCANTEEN\\vendor\\laravel\\framework\\src\\Illuminate\\Pipeline\\Pipeline.php(219): Illuminate\\Http\\Middleware\\ValidatePostSize->handle(Object(Illuminate\\Http\\Request), Object(Closure))\n#38 C:\\Users\\Lenovo\\Herd\\SMARTCANTEEN\\vendor\\laravel\\framework\\src\\Illuminate\\Foundation\\Http\\Middleware\\PreventRequestsDuringMaintenance.php(109): Illuminate\\Pipeline\\Pipeline->{closure:{closure:Illuminate\\Pipeline\\Pipeline::carry():194}:195}(Object(Illuminate\\Http\\Request))\n#39 C:\\Users\\Lenovo\\Herd\\SMARTCANTEEN\\vendor\\laravel\\framework\\src\\Illuminate\\Pipeline\\Pipeline.php(219): Illuminate\\Foundation\\Http\\Middleware\\PreventRequestsDuringMaintenance->handle(Object(Illuminate\\Http\\Request), Object(Closure))\n#40 C:\\Users\\Lenovo\\Herd\\SMARTCANTEEN\\vendor\\laravel\\framework\\src\\Illuminate\\Http\\Middleware\\HandleCors.php(61): Illuminate\\Pipeline\\Pipeline->{closure:{closure:Illuminate\\Pipeline\\Pipeline::carry():194}:195}(Object(Illuminate\\Http\\Request))\n#41 C:\\Users\\Lenovo\\Herd\\SMARTCANTEEN\\vendor\\laravel\\framework\\src\\Illuminate\\Pipeline\\Pipeline.php(219): Illuminate\\Http\\Middleware\\HandleCors->handle(Object(Illuminate\\Http\\Request), Object(Closure))\n#42 C:\\Users\\Lenovo\\Herd\\SMARTCANTEEN\\vendor\\laravel\\framework\\src\\Illuminate\\Http\\Middleware\\TrustProxies.php(58): Illuminate\\Pipeline\\Pipeline->{closure:{closure:Illuminate\\Pipeline\\Pipeline::carry():194}:195}(Object(Illuminate\\Http\\Request))\n#43 C:\\Users\\Lenovo\\Herd\\SMARTCANTEEN\\vendor\\laravel\\framework\\src\\Illuminate\\Pipeline\\Pipeline.php(219): Illuminate\\Http\\Middleware\\TrustProxies->handle(Object(Illuminate\\Http\\Request), Object(Closure))\n#44 C:\\Users\\Lenovo\\Herd\\SMARTCANTEEN\\vendor\\laravel\\framework\\src\\Illuminate\\Foundation\\Http\\Middleware\\InvokeDeferredCallbacks.php(22): Illuminate\\Pipeline\\Pipeline->{closure:{closure:Illuminate\\Pipeline\\Pipeline::carry():194}:195}(Object(Illuminate\\Http\\Request))\n#45 C:\\Users\\Lenovo\\Herd\\SMARTCANTEEN\\vendor\\laravel\\framework\\src\\Illuminate\\Pipeline\\Pipeline.php(219): Illuminate\\Foundation\\Http\\Middleware\\InvokeDeferredCallbacks->handle(Object(Illuminate\\Http\\Request), Object(Closure))\n#46 C:\\Users\\Lenovo\\Herd\\SMARTCANTEEN\\vendor\\laravel\\framework\\src\\Illuminate\\Http\\Middleware\\ValidatePathEncoding.php(28): Illuminate\\Pipeline\\Pipeline->{closure:{closure:Illuminate\\Pipeline\\Pipeline::carry():194}:195}(Object(Illuminate\\Http\\Request))\n#47 C:\\Users\\Lenovo\\Herd\\SMARTCANTEEN\\vendor\\laravel\\framework\\src\\Illuminate\\Pipeline\\Pipeline.php(219): Illuminate\\Http\\Middleware\\ValidatePathEncoding->handle(Object(Illuminate\\Http\\Request), Object(Closure))\n#48 C:\\Users\\Lenovo\\Herd\\SMARTCANTEEN\\vendor\\laravel\\framework\\src\\Illuminate\\Pipeline\\Pipeline.php(137): Illuminate\\Pipeline\\Pipeline->{closure:{closure:Illuminate\\Pipeline\\Pipeline::carry():194}:195}(Object(Illuminate\\Http\\Request))\n#49 C:\\Users\\Lenovo\\Herd\\SMARTCANTEEN\\vendor\\laravel\\framework\\src\\Illuminate\\Foundation\\Http\\Kernel.php(175): Illuminate\\Pipeline\\Pipeline->then(Object(Closure))\n#50 C:\\Users\\Lenovo\\Herd\\SMARTCANTEEN\\vendor\\laravel\\framework\\src\\Illuminate\\Foundation\\Http\\Kernel.php(144): Illuminate\\Foundation\\Http\\Kernel->sendRequestThroughRouter(Object(Illuminate\\Http\\Request))\n#51 C:\\Users\\Lenovo\\Herd\\SMARTCANTEEN\\vendor\\laravel\\framework\\src\\Illuminate\\Foundation\\Testing\\Concerns\\MakesHttpRequests.php(607): Illuminate\\Foundation\\Http\\Kernel->handle(Object(Illuminate\\Http\\Request))\n#52 C:\\Users\\Lenovo\\Herd\\SMARTCANTEEN\\vendor\\laravel\\framework\\src\\Illuminate\\Foundation\\Testing\\Concerns\\MakesHttpRequests.php(368): Illuminate\\Foundation\\Testing\\TestCase->call('GET', '/profile', Array, Array, Array, Array)\n#53 C:\\Users\\Lenovo\\Herd\\SMARTCANTEEN\\tests\\Feature\\ProfileTest.php(19): Illuminate\\Foundation\\Testing\\TestCase->get('/profile')\n#54 C:\\Users\\Lenovo\\Herd\\SMARTCANTEEN\\vendor\\phpunit\\phpunit\\src\\Framework\\TestCase.php(1318): Tests\\Feature\\ProfileTest->test_profile_page_is_displayed()\n#55 C:\\Users\\Lenovo\\Herd\\SMARTCANTEEN\\vendor\\phpunit\\phpunit\\src\\Framework\\TestCase.php(1355): PHPUnit\\Framework\\TestCase->invokeTestMethod('test_profile_pa..', Array)\n#56 C:\\Users\\Lenovo\\Herd\\SMARTCANTEEN\\vendor\\phpunit\\phpunit\\src\\Framework\\TestCase.php(521): PHPUnit\\Framework\\TestCase->runTest()\n#57 C:\\Users\\Lenovo\\Herd\\SMARTCANTEEN\\vendor\\phpunit\\phpunit\\src\\Framework\\TestRunner\\TestRunner.php(99): PHPUnit\\Framework\\TestCase->runBare()\n#58 C:\\Users\\Lenovo\\Herd\\SMARTCANTEEN\\vendor\\phpunit\\phpunit\\src\\Framework\\TestCase.php(361): PHPUnit\\Framework\\TestRunner->run(Object(Tests\\Feature\\ProfileTest))\n#59 C:\\Users\\Lenovo\\Herd\\SMARTCANTEEN\\vendor\\phpunit\\phpunit\\src\\Framework\\TestSuite.php(374): PHPUnit\\Framework\\TestCase->run()\n#60 C:\\Users\\Lenovo\\Herd\\SMARTCANTEEN\\vendor\\phpunit\\phpunit\\src\\Framework\\TestSuite.php(374): PHPUnit\\Framework\\TestSuite->run()\n#61 C:\\Users\\Lenovo\\Herd\\SMARTCANTEEN\\vendor\\phpunit\\phpunit\\src\\Framework\\TestSuite.php(374): PHPUnit\\Framework\\TestSuite->run()\n#62 C:\\Users\\Lenovo\\Herd\\SMARTCANTEEN\\vendor\\phpunit\\phpunit\\src\\TextUI\\TestRunner.php(64): PHPUnit\\Framework\\TestSuite->run()\n#63 C:\\Users\\Lenovo\\Herd\\SMARTCANTEEN\\vendor\\phpunit\\phpunit\\src\\TextUI\\Application.php(229): PHPUnit\\TextUI\\TestRunner->run(Object(PHPUnit\\TextUI\\Configuration\\Configuration), Object(PHPUnit\\Runner\\ResultCache\\DefaultResultCache), Object(PHPUnit\\Framework\\TestSuite))\n#64 C:\\Users\\Lenovo\\Herd\\SMARTCANTEEN\\vendor\\phpunit\\phpunit\\phpunit(104): PHPUnit\\TextUI\\Application->run(Array)\n#65 {main}\n\n----------------------------------------------------------------------------------\n\nLivewire page component layout view not found: [components.layouts.app]"}],"errors":1,"error_details":[{"test":"Tests\\Feature\\Auth\\AuthenticationTest::test_users_can_logout","file":"C:\\Users\\Lenovo\\Herd\\SMARTCANTEEN\\tests\\Feature\\Auth\\AuthenticationTest.php","line":131,"message":"Route [profile] not defined. (View: C:\\Users\\Lenovo\\Herd\\SMARTCANTEEN\\resources\\views\\livewire\\layout\\navigation.blade.php) (View: C:\\Users\\Lenovo\\Herd\\SMARTCANTEEN\\resources\\views\\livewire\\layout\\navigation.blade.php)"}]}
